This file contains any messages produced by compilers while
running configure, to aid debugging if configure makes a mistake.

It was created by libffi configure 3.4.2, which was
generated by GNU Autoconf 2.73.  Invocation command line was

  $ /root/antrax_app/.buildozer/android/platform/build-arm64-v8a_armeabi-v7a/build/other_builds/libffi/arm64-v8a__ndk_target_24/libffi/configure --host=aarch64-linux-android --prefix=/root/antrax_app/.buildozer/android/platform/build-arm64-v8a_armeabi-v7a/build/other_builds/libffi/arm64-v8a__ndk_target_24/libffi --disable-builddir --enable-shared

## --------- ##
## Platform. ##
## --------- ##

hostname = kali
uname -m = aarch64
uname -r = 5.15.153-android13-8-g0f989a3b15dc
uname -s = Linux
uname -v = #1 SMP PREEMPT Wed Apr 23 05:07:30 UTC 2025

/usr/bin/uname -p = unknown
/bin/uname -X     = unknown

/bin/arch              = aarch64
/usr/bin/arch -k       = unknown
/usr/convex/getsysinfo = unknown
/usr/bin/hostinfo      = unknown
/bin/machine           = unknown
/usr/bin/oslevel       = unknown
/bin/universe          = unknown

PATH: /root/.buildozer/android/platform/android-ndk-r28c/toolchains/llvm/prebuilt/linux-x86_64/bin/
PATH: /root/.buildozer/android/platform/android-ndk-r28c/
PATH: /root/.buildozer/android/platform/android-sdk/tools/
PATH: /root/.buildozer/android/platform/apache-ant-1.9.4/bin/
PATH: /usr/local/sbin/
PATH: /usr/local/bin/
PATH: /usr/sbin/
PATH: /usr/bin/
PATH: /sbin/
PATH: /bin/
PATH: /usr/local/games/
PATH: /usr/games/


## ----------- ##
## Core tests. ##
## ----------- ##

configure:2984: looking for aux files: ltmain.sh compile missing install-sh config.guess config.sub
configure:2997:  trying ./
configure:3026:   ./ltmain.sh found
configure:3026:   ./compile found
configure:3026:   ./missing found
configure:3008:   ./install-sh found
configure:3026:   ./config.guess found
configure:3026:   ./config.sub found
configure:3171: checking build system type
configure:3187: result: aarch64-unknown-linux-gnu
configure:3207: checking host system type
configure:3222: result: aarch64-unknown-linux-android
configure:3242: checking target system type
configure:3257: result: aarch64-unknown-linux-android
configure:3357: checking for gsed
configure:3394: result: sed
configure:3423: checking for a BSD-compatible install
configure:3497: result: /usr/bin/install -c
configure:3508: checking whether sleep supports fractional seconds
configure:3524: result: yes
configure:3527: checking filesystem timestamp resolution
configure:3662: result: 0.01
configure:3667: checking whether build environment is sane
configure:3712: result: yes
configure:3774: checking for aarch64-linux-android-strip
configure:3807: result: /root/.buildozer/android/platform/android-ndk-r28c/toolchains/llvm/prebuilt/linux-x86_64/bin/llvm-strip --strip-unneeded
configure:3879: checking for a race-free mkdir -p
configure:3922: result: /usr/bin/mkdir -p
configure:3929: checking for gawk
configure:3965: result: no
configure:3929: checking for mawk
configure:3950: found /usr/bin/mawk
configure:3962: result: mawk
configure:3973: checking whether make -j8 sets $(MAKE)
configure:3997: result: yes
configure:4023: checking whether make -j8 supports nested variables
configure:4042: result: yes
configure:4056: checking xargs -n works
configure:4072: result: yes
configure:4157: checking whether UID '0' is supported by ustar format
configure:4163: result: yes
configure:4170: checking whether GID '0' is supported by ustar format
configure:4176: result: yes
configure:4184: checking how to create a ustar tar archive
configure:4195: tar --version
tar (GNU tar) 1.35
Copyright (C) 2023 Free Software Foundation, Inc.
License GPLv3+: GNU GPL version 3 or later <https://gnu.org/licenses/gpl.html>.
This is free software: you are free to change and redistribute it.
There is NO WARRANTY, to the extent permitted by law.

Written by John Gilmore and Jay Fenlason.
configure:4198: $? = 0
configure:4238: tardir=conftest.dir && eval tar --format=ustar -chf - "$tardir" >conftest.tar
configure:4241: $? = 0
configure:4245: tar -xf - <conftest.tar
configure:4248: $? = 0
configure:4250: cat conftest.dir/file
GrepMe
configure:4253: $? = 0
configure:4268: result: gnutar
configure:4325: checking for aarch64-linux-android-gcc
configure:4358: result: /usr/bin/ccache /root/.buildozer/android/platform/android-ndk-r28c/toolchains/llvm/prebuilt/linux-x86_64/bin/clang -target aarch64-linux-android24 -fomit-frame-pointer -march=armv8-a -fPIC
configure:4763: checking for C compiler version
configure:4772: /usr/bin/ccache /root/.buildozer/android/platform/android-ndk-r28c/toolchains/llvm/prebuilt/linux-x86_64/bin/clang -target aarch64-linux-android24 -fomit-frame-pointer -march=armv8-a -fPIC --version >&5
ccache: error: execute_noreturn of /root/.buildozer/android/platform/android-ndk-r28c/toolchains/llvm/prebuilt/linux-x86_64/bin/clang failed: Exec format error
configure:4783: $? = 1
configure:4772: /usr/bin/ccache /root/.buildozer/android/platform/android-ndk-r28c/toolchains/llvm/prebuilt/linux-x86_64/bin/clang -target aarch64-linux-android24 -fomit-frame-pointer -march=armv8-a -fPIC -v >&5
ccache: error: execute_noreturn of /root/.buildozer/android/platform/android-ndk-r28c/toolchains/llvm/prebuilt/linux-x86_64/bin/clang failed: Exec format error
configure:4783: $? = 1
configure:4772: /usr/bin/ccache /root/.buildozer/android/platform/android-ndk-r28c/toolchains/llvm/prebuilt/linux-x86_64/bin/clang -target aarch64-linux-android24 -fomit-frame-pointer -march=armv8-a -fPIC -V >&5
ccache: error: execute_noreturn of /root/.buildozer/android/platform/android-ndk-r28c/toolchains/llvm/prebuilt/linux-x86_64/bin/clang failed: Exec format error
configure:4783: $? = 1
configure:4772: /usr/bin/ccache /root/.buildozer/android/platform/android-ndk-r28c/toolchains/llvm/prebuilt/linux-x86_64/bin/clang -target aarch64-linux-android24 -fomit-frame-pointer -march=armv8-a -fPIC -qversion >&5
ccache: error: execute_noreturn of /root/.buildozer/android/platform/android-ndk-r28c/toolchains/llvm/prebuilt/linux-x86_64/bin/clang failed: Exec format error
configure:4783: $? = 1
configure:4772: /usr/bin/ccache /root/.buildozer/android/platform/android-ndk-r28c/toolchains/llvm/prebuilt/linux-x86_64/bin/clang -target aarch64-linux-android24 -fomit-frame-pointer -march=armv8-a -fPIC -version >&5
ccache: error: execute_noreturn of /root/.buildozer/android/platform/android-ndk-r28c/toolchains/llvm/prebuilt/linux-x86_64/bin/clang failed: Exec format error
configure:4783: $? = 1
configure:4803: checking whether the C compiler works
configure:4825: /usr/bin/ccache /root/.buildozer/android/platform/android-ndk-r28c/toolchains/llvm/prebuilt/linux-x86_64/bin/clang -target aarch64-linux-android24 -fomit-frame-pointer -march=armv8-a -fPIC -target aarch64-linux-android24 -fomit-frame-pointer -march=armv8-a -fPIC -DANDROID -I/root/.buildozer/android/platform/android-ndk-r28c/toolchains/llvm/prebuilt/linux-x86_64/sysroot/usr/include -I/root/antrax_app/.buildozer/android/platform/build-arm64-v8a_armeabi-v7a/build/other_builds/python3/arm64-v8a__ndk_target_24/python3/android-build/android-root/include/python3.14   -L/root/antrax_app/.buildozer/android/platform/build-arm64-v8a_armeabi-v7a/build/libs_collections/cyberantrax/arm64-v8a conftest.c  >&5
ccache: error: execute_noreturn of /root/.buildozer/android/platform/android-ndk-r28c/toolchains/llvm/prebuilt/linux-x86_64/bin/clang failed: Exec format error
configure:4829: $? = 1
configure:4870: result: no
configure: failed program was:
| /* confdefs.h */
| #define PACKAGE_NAME "libffi"
| #define PACKAGE_TARNAME "libffi"
| #define PACKAGE_VERSION "3.4.2"
| #define PACKAGE_STRING "libffi 3.4.2"
| #define PACKAGE_BUGREPORT "http://github.com/libffi/libffi/issues"
| #define PACKAGE_URL ""
| #define PACKAGE "libffi"
| #define VERSION "3.4.2"
| /* end confdefs.h.  */
| 
| int
| main (void)
| {
| 
|   ;
|   return 0;
| }
configure:4875: error: in '/root/antrax_app/.buildozer/android/platform/build-arm64-v8a_armeabi-v7a/build/other_builds/libffi/arm64-v8a__ndk_target_24/libffi':
configure:4877: error: C compiler cannot create executables
See 'config.log' for more details

## ---------------- ##
## Cache variables. ##
## ---------------- ##

ac_cv_build=aarch64-unknown-linux-gnu
ac_cv_env_CCASFLAGS_set=
ac_cv_env_CCASFLAGS_value=
ac_cv_env_CCAS_set=
ac_cv_env_CCAS_value=
ac_cv_env_CPPFLAGS_set=set
ac_cv_env_CPPFLAGS_value='-DANDROID -I/root/.buildozer/android/platform/android-ndk-r28c/toolchains/llvm/prebuilt/linux-x86_64/sysroot/usr/include -I/root/antrax_app/.buildozer/android/platform/build-arm64-v8a_armeabi-v7a/build/other_builds/python3/arm64-v8a__ndk_target_24/python3/android-build/android-root/include/python3.14'
ac_cv_env_CXXCPP_set=
ac_cv_env_CXXCPP_value=
ac_cv_env_LT_SYS_LIBRARY_PATH_set=
ac_cv_env_LT_SYS_LIBRARY_PATH_value=
ac_cv_env_build_alias_set=
ac_cv_env_build_alias_value=
ac_cv_env_host_alias_set=set
ac_cv_env_host_alias_value=aarch64-linux-android
ac_cv_env_target_alias_set=
ac_cv_env_target_alias_value=
ac_cv_host=aarch64-unknown-linux-android
ac_cv_path_ax_enable_builddir_sed=sed
ac_cv_path_install='/usr/bin/install -c'
ac_cv_path_mkdir=/usr/bin/mkdir
ac_cv_prog_AWK=mawk
ac_cv_prog_CC='/usr/bin/ccache /root/.buildozer/android/platform/android-ndk-r28c/toolchains/llvm/prebuilt/linux-x86_64/bin/clang -target aarch64-linux-android24 -fomit-frame-pointer -march=armv8-a -fPIC'
ac_cv_prog_STRIP='/root/.buildozer/android/platform/android-ndk-r28c/toolchains/llvm/prebuilt/linux-x86_64/bin/llvm-strip --strip-unneeded'
ac_cv_prog_make_make_set=yes
ac_cv_target=aarch64-unknown-linux-android
am_cv_filesystem_timestamp_resolution=0.01
am_cv_make_support_nested_variables=yes
am_cv_prog_tar_ustar=gnutar
am_cv_sleep_fractional_seconds=yes
am_cv_xargs_n_works=yes

## ----------------- ##
## Output variables. ##
## ----------------- ##

ACLOCAL='${SHELL} '\''/root/antrax_app/.buildozer/android/platform/build-arm64-v8a_armeabi-v7a/build/other_builds/libffi/arm64-v8a__ndk_target_24/libffi/missing'\'' aclocal-1.18'
ALLOCA=''
AMDEPBACKSLASH=''
AMDEP_FALSE=''
AMDEP_TRUE=''
AMTAR='$${TAR-tar}'
AM_BACKSLASH='\'
AM_DEFAULT_V=''
AM_DEFAULT_VERBOSITY='1'
AM_LTLDFLAGS=''
AM_RUNTESTFLAGS=''
AM_V=''
AR='/root/.buildozer/android/platform/android-ndk-r28c/toolchains/llvm/prebuilt/linux-x86_64/bin/llvm-ar'
AUTOCONF='${SHELL} '\''/root/antrax_app/.buildozer/android/platform/build-arm64-v8a_armeabi-v7a/build/other_builds/libffi/arm64-v8a__ndk_target_24/libffi/missing'\'' autoconf'
AUTOHEADER='${SHELL} '\''/root/antrax_app/.buildozer/android/platform/build-arm64-v8a_armeabi-v7a/build/other_builds/libffi/arm64-v8a__ndk_target_24/libffi/missing'\'' autoheader'
AUTOMAKE='${SHELL} '\''/root/antrax_app/.buildozer/android/platform/build-arm64-v8a_armeabi-v7a/build/other_builds/libffi/arm64-v8a__ndk_target_24/libffi/missing'\'' automake-1.18'
AWK='mawk'
BUILD_DOCS_FALSE=''
BUILD_DOCS_TRUE=''
CC='/usr/bin/ccache /root/.buildozer/android/platform/android-ndk-r28c/toolchains/llvm/prebuilt/linux-x86_64/bin/clang -target aarch64-linux-android24 -fomit-frame-pointer -march=armv8-a -fPIC'
CCAS=''
CCASDEPMODE=''
CCASFLAGS=''
CCDEPMODE=''
CFLAGS='-target aarch64-linux-android24 -fomit-frame-pointer -march=armv8-a -fPIC'
CPPFLAGS='-DANDROID -I/root/.buildozer/android/platform/android-ndk-r28c/toolchains/llvm/prebuilt/linux-x86_64/sysroot/usr/include -I/root/antrax_app/.buildozer/android/platform/build-arm64-v8a_armeabi-v7a/build/other_builds/python3/arm64-v8a__ndk_target_24/python3/android-build/android-root/include/python3.14'
CSCOPE='cscope'
CTAGS='ctags'
CXX='/usr/bin/ccache /root/.buildozer/android/platform/android-ndk-r28c/toolchains/llvm/prebuilt/linux-x86_64/bin/clang++ -target aarch64-linux-android24 -fomit-frame-pointer -march=armv8-a -fPIC'
CXXCPP=''
CXXDEPMODE=''
CXXFLAGS='-target aarch64-linux-android24 -fomit-frame-pointer -march=armv8-a -fPIC'
CYGPATH_W='echo'
DEFS=''
DEPDIR=''
DLLTOOL=''
DSYMUTIL=''
DUMPBIN=''
ECHO_C=''
ECHO_N='-n'
ECHO_T=''
EGREP=''
ETAGS='etags'
EXEEXT=''
FFI_DEBUG_FALSE=''
FFI_DEBUG_TRUE=''
FFI_EXEC_TRAMPOLINE_TABLE=''
FFI_EXEC_TRAMPOLINE_TABLE_FALSE=''
FFI_EXEC_TRAMPOLINE_TABLE_TRUE=''
FGREP=''
FILECMD=''
GREP=''
HAVE_LONG_DOUBLE=''
HAVE_LONG_DOUBLE_VARIANT=''
INSTALL_DATA='${INSTALL} -m 644'
INSTALL_PROGRAM='${INSTALL}'
INSTALL_SCRIPT='${INSTALL}'
INSTALL_STRIP_PROGRAM='$(install_sh) -c -s'
LD=''
LDFLAGS='  -L/root/antrax_app/.buildozer/android/platform/build-arm64-v8a_armeabi-v7a/build/libs_collections/cyberantrax/arm64-v8a'
LIBFFI_BUILD_VERSIONED_SHLIB_FALSE=''
LIBFFI_BUILD_VERSIONED_SHLIB_GNU_FALSE=''
LIBFFI_BUILD_VERSIONED_SHLIB_GNU_TRUE=''
LIBFFI_BUILD_VERSIONED_SHLIB_SUN_FALSE=''
LIBFFI_BUILD_VERSIONED_SHLIB_SUN_TRUE=''
LIBFFI_BUILD_VERSIONED_SHLIB_TRUE=''
LIBOBJS=''
LIBS=''
LIBTOOL=''
LIPO=''
LN_S=''
LTLIBOBJS=''
LT_SYS_LIBRARY_PATH=''
MAINT=''
MAINTAINER_MODE_FALSE=''
MAINTAINER_MODE_TRUE=''
MAKEINFO='${SHELL} '\''/root/antrax_app/.buildozer/android/platform/build-arm64-v8a_armeabi-v7a/build/other_builds/libffi/arm64-v8a__ndk_target_24/libffi/missing'\'' makeinfo'
MANIFEST_TOOL=''
MKDIR_P='/usr/bin/mkdir -p'
NM=''
NMEDIT=''
OBJDUMP=''
OBJEXT=''
OPT_LDFLAGS=''
OTOOL64=''
OTOOL=''
PACKAGE='libffi'
PACKAGE_BUGREPORT='http://github.com/libffi/libffi/issues'
PACKAGE_NAME='libffi'
PACKAGE_STRING='libffi 3.4.2'
PACKAGE_TARNAME='libffi'
PACKAGE_URL=''
PACKAGE_VERSION='3.4.2'
PATH_SEPARATOR=':'
PRTDIAG=''
RANLIB='/root/.buildozer/android/platform/android-ndk-r28c/toolchains/llvm/prebuilt/linux-x86_64/bin/llvm-ranlib'
READELF='/root/.buildozer/android/platform/android-ndk-r28c/toolchains/llvm/prebuilt/linux-x86_64/bin/llvm-readelf'
SECTION_LDFLAGS=''
SED=''
SET_MAKE=''
SHELL='/bin/bash'
STRIP='/root/.buildozer/android/platform/android-ndk-r28c/toolchains/llvm/prebuilt/linux-x86_64/bin/llvm-strip --strip-unneeded'
TARGET='aarch64-unknown-linux-android'
TARGETDIR=''
TARGET_OBJ=''
TESTSUBDIR_FALSE=''
TESTSUBDIR_TRUE=''
VERSION='3.4.2'
ac_ct_AR=''
ac_ct_CC=''
ac_ct_CXX=''
ac_ct_DUMPBIN=''
am__EXEEXT_FALSE=''
am__EXEEXT_TRUE=''
am__fastdepCCAS_FALSE=''
am__fastdepCCAS_TRUE=''
am__fastdepCC_FALSE=''
am__fastdepCC_TRUE=''
am__fastdepCXX_FALSE=''
am__fastdepCXX_TRUE=''
am__include=''
am__isrc=''
am__leading_dot='.'
am__nodep=''
am__quote=''
am__rm_f_notfound=''
am__tar='tar --format=ustar -chf - "$$tardir"'
am__untar='tar -xf -'
am__xargs_n='xargs -n'
ax_enable_builddir_sed='sed'
bindir='${exec_prefix}/bin'
build='aarch64-unknown-linux-gnu'
build_alias=''
build_cpu='aarch64'
build_os='linux-gnu'
build_vendor='unknown'
datadir='${datarootdir}'
datarootdir='${prefix}/share'
docdir='${datarootdir}/doc/${PACKAGE_TARNAME}'
dvidir='${docdir}'
exec_prefix='NONE'
host='aarch64-unknown-linux-android'
host_alias='aarch64-linux-android'
host_cpu='aarch64'
host_os='linux-android'
host_vendor='unknown'
htmldir='${docdir}'
includedir='${prefix}/include'
infodir='${datarootdir}/info'
install_sh='${SHELL} /root/antrax_app/.buildozer/android/platform/build-arm64-v8a_armeabi-v7a/build/other_builds/libffi/arm64-v8a__ndk_target_24/libffi/install-sh'
libdir='${exec_prefix}/lib'
libexecdir='${exec_prefix}/libexec'
localedir='${datarootdir}/locale'
localstatedir='${prefix}/var'
mandir='${datarootdir}/man'
mkdir_p='$(MKDIR_P)'
oldincludedir='/usr/include'
pdfdir='${docdir}'
prefix='/root/antrax_app/.buildozer/android/platform/build-arm64-v8a_armeabi-v7a/build/other_builds/libffi/arm64-v8a__ndk_target_24/libffi'
program_transform_name='s,x,x,'
psdir='${docdir}'
runstatedir='${localstatedir}/run'
sbindir='${exec_prefix}/sbin'
sharedstatedir='${prefix}/com'
sys_symbol_underscore=''
sysconfdir='${prefix}/etc'
target='aarch64-unknown-linux-android'
target_alias='aarch64-linux-android'
target_cpu='aarch64'
target_os='linux-android'
target_vendor='unknown'
toolexecdir=''
toolexeclibdir=''

## ----------- ##
## confdefs.h. ##
## ----------- ##

/* confdefs.h */
#define PACKAGE_NAME "libffi"
#define PACKAGE_TARNAME "libffi"
#define PACKAGE_VERSION "3.4.2"
#define PACKAGE_STRING "libffi 3.4.2"
#define PACKAGE_BUGREPORT "http://github.com/libffi/libffi/issues"
#define PACKAGE_URL ""
#define PACKAGE "libffi"
#define VERSION "3.4.2"

configure: exit 
